// Jest Snapshot v1, https://goo.gl/fbAQLP

exports[`printBlockBody when the body contains a single element when the element is a block prints as expected 1`] = `
"{
  # FIXME: dynamic is not yet supported
}"
`;

exports[`printBlockBody when the body contains a single element when the element is a dynamic prints as expected 1`] = `
"{
  # FIXME: dynamic is not yet supported
}"
`;

exports[`printBlockBody when the body contains a single element when the element is an argument prints as expected 1`] = `
"{
  hello = \\"world\\"
}"
`;

exports[`printBlockBody when the body contains multiple elements when the elements are a mix prints as expected 1`] = `
"{
  allowed_methods = [
    GET,
    HEAD
  ]
  cached_methods = [
    GET,
    HEAD
  ]
  compress = true
  default_ttl = 31536000
  max_ttl = 31536000
  min_ttl = 0
  path_pattern = \\"/static/*\\"
  smooth_streaming = false
  target_origin_id = \\"S3-app.mine/test\\"
  viewer_protocol_policy = https-only
  trusted_signers = [

  ]
  forwarded_values {
    headers = [

    ]
    query_string = false
    query_string_cache_keys = [

    ]
    cookies {
      forward = \\"none\\"
      whitelisted_names = [

      ]
    }
  }
}"
`;

exports[`printBlockBody when the body contains multiple elements when the elements are just arguments prints as expected 1`] = `
"{
  hello = \\"world\\"
  enabled = false
  common_tags = {
    MyMap = {
      Name = \\"MyName\\"
      TTL = 300
    }
  }
}"
`;

exports[`printBlockBody when the body contains multiple elements when the elements are just blocks prints as expected 1`] = `
"{
  cookies {
    forward = \\"none\\"
    whitelisted_names = [

    ]
  }
  ingress {
    from_port = 0
    to_port = 0
    protocol = \\"-1\\"
    security_groups = [
      aws_security_group.wordpress_server.id
    ]
  }
}"
`;

exports[`printBlockBody when the body contains multiple elements when the elements are just dynamics prints as expected 1`] = `
"{
  # FIXME: dynamic is not yet supported
  # FIXME: dynamic is not yet supported
}"
`;

exports[`printBlockBody when the body contains no elements prints empty braces on one line 1`] = `"{}"`;
